signs/png/0101.png
signs/png/0102.png
signs/png/0103.png
signs/png/0104.png
signs/png/0105.png
signs/png/0106.png
signs/png/0107.png
signs/png/0108.png
signs/png/0109.png
signs/png/0110.png
signs/png/0111.png
signs/png/0112.png
signs/png/0113.png
signs/png/0114.png
signs/png/0115.png
signs/png/0116.png
signs/png/0117.png
signs/png/0118.png
signs/png/0119.png
signs/png/0120.png
signs/png/0121.png
signs/png/0122.png
signs/png/0123.png
signs/png/0124.png
signs/png/0125.png
signs/png/0126.png
signs/png/2101.png
signs/png/2102.png
signs/png/2103.png
signs/png/2104.png
signs/png/2105.png
signs/png/2106.png
signs/png/2107.png
signs/png/2108.png
signs/png/2109.png
signs/png/2110.png
signs/png/3101.png
signs/png/3102.png
signs/png/3103.png
signs/png/3104.png
signs/png/3105.png
signs/png/3106.png
signs/png/3107.png
signs/png/3108.png
signs/png/3109.png
signs/png/3110.png
signs/png/3111.png
signs/png/3112.png
signs/png/3113.png
signs/png/3114.png
signs/png/3115.png
signs/png/3116.png
signs/png/3117.png
